// Jest Snapshot v1, https://goo.gl/fbAQLP

exports[`Image snapshot renders 1`] = `
<div
  className="imageContainer"
>
  <img
    className="image"
    onClick={[Function]}
  />
</div>
`;
